all_frames_pervideo/Negatives/ 1 0
all_frames_pervideo/Negatives/ 2 0
all_frames_pervideo/Negatives/ 3 0
all_frames_pervideo/Negatives/ 4 0
all_frames_pervideo/Negatives/ 5 0
all_frames_pervideo/Negatives/ 6 0
all_frames_pervideo/Negatives/ 7 0
all_frames_pervideo/Negatives/ 8 0
all_frames_pervideo/Negatives/ 9 0
all_frames_pervideo/Negatives/ 10 0
all_frames_pervideo/Negatives/ 11 0
all_frames_pervideo/Negatives/ 12 0
all_frames_pervideo/Negatives/ 13 0
all_frames_pervideo/Negatives/ 14 0
all_frames_pervideo/Negatives/ 15 0
all_frames_pervideo/Negatives/ 16 0
all_frames_pervideo/Negatives/ 17 0
all_frames_pervideo/Negatives/ 18 0
all_frames_pervideo/Negatives/ 19 0
all_frames_pervideo/Negatives/ 20 0
all_frames_pervideo/Negatives/ 21 0
all_frames_pervideo/Negatives/ 22 0
all_frames_pervideo/Negatives/ 23 0
all_frames_pervideo/Negatives/ 24 0
all_frames_pervideo/Negatives/ 25 0
all_frames_pervideo/Negatives/ 26 0
all_frames_pervideo/Negatives/ 27 0
all_frames_pervideo/Negatives/ 28 0
all_frames_pervideo/Negatives/ 29 0
all_frames_pervideo/Negatives/ 30 0
all_frames_pervideo/Negatives/ 31 0
all_frames_pervideo/Negatives/ 32 0
all_frames_pervideo/Negatives/ 33 0
all_frames_pervideo/Negatives/ 34 0
all_frames_pervideo/Negatives/ 35 0
all_frames_pervideo/Negatives/ 36 0
all_frames_pervideo/Negatives/ 37 0
all_frames_pervideo/Negatives/ 38 0
all_frames_pervideo/Negatives/ 39 0
all_frames_pervideo/Negatives/ 40 0
all_frames_pervideo/Negatives/ 41 0
all_frames_pervideo/Negatives/ 42 0
all_frames_pervideo/Negatives/ 43 0
all_frames_pervideo/Negatives/ 44 0
all_frames_pervideo/Negatives/ 45 0
all_frames_pervideo/Negatives/ 46 0
all_frames_pervideo/Negatives/ 47 0
all_frames_pervideo/Negatives/ 48 0
all_frames_pervideo/Negatives/ 49 0
all_frames_pervideo/Negatives/ 50 0
all_frames_pervideo/Negatives/ 51 0
all_frames_pervideo/Negatives/ 52 0
all_frames_pervideo/Negatives/ 53 0
all_frames_pervideo/Negatives/ 54 0
all_frames_pervideo/Negatives/ 55 0
all_frames_pervideo/Negatives/ 56 0
all_frames_pervideo/Negatives/ 57 0
all_frames_pervideo/Negatives/ 58 0
all_frames_pervideo/Negatives/ 59 0
all_frames_pervideo/Negatives/ 60 0
all_frames_pervideo/Negatives/ 61 0
all_frames_pervideo/Negatives/ 62 0
all_frames_pervideo/Negatives/ 63 0
all_frames_pervideo/Negatives/ 64 0
all_frames_pervideo/Negatives/ 65 0
all_frames_pervideo/Negatives/ 66 0
all_frames_pervideo/Negatives/ 67 0
all_frames_pervideo/Negatives/ 68 0
all_frames_pervideo/Negatives/ 69 0
all_frames_pervideo/Negatives/ 70 0
all_frames_pervideo/Negatives/ 71 0
all_frames_pervideo/Negatives/ 72 0
all_frames_pervideo/Negatives/ 73 0
all_frames_pervideo/Negatives/ 74 0
all_frames_pervideo/Negatives/ 75 0
all_frames_pervideo/Negatives/ 76 0
all_frames_pervideo/Negatives/ 77 0
all_frames_pervideo/Negatives/ 78 0
all_frames_pervideo/Negatives/ 79 0
all_frames_pervideo/Negatives/ 80 0
all_frames_pervideo/Negatives/ 81 0
all_frames_pervideo/Negatives/ 82 0
all_frames_pervideo/Negatives/ 83 0
all_frames_pervideo/Negatives/ 84 0
all_frames_pervideo/Negatives/ 85 0
all_frames_pervideo/Negatives/ 86 0
all_frames_pervideo/Negatives/ 87 0
all_frames_pervideo/Negatives/ 88 0
all_frames_pervideo/Negatives/ 89 0
all_frames_pervideo/Negatives/ 90 0
all_frames_pervideo/Negatives/ 91 0
all_frames_pervideo/Negatives/ 92 0
all_frames_pervideo/Negatives/ 93 0
all_frames_pervideo/Negatives/ 94 0
all_frames_pervideo/Negatives/ 95 0
all_frames_pervideo/Negatives/ 96 0
all_frames_pervideo/Negatives/ 97 0
all_frames_pervideo/Negatives/ 98 0
all_frames_pervideo/Negatives/ 99 0
all_frames_pervideo/Negatives/ 100 0
all_frames_pervideo/Negatives/ 101 0
all_frames_pervideo/Negatives/ 102 0
all_frames_pervideo/Negatives/ 103 0
all_frames_pervideo/Negatives/ 104 0
all_frames_pervideo/Negatives/ 105 0
all_frames_pervideo/Negatives/ 106 0
all_frames_pervideo/Negatives/ 107 0
all_frames_pervideo/Negatives/ 108 0
all_frames_pervideo/Negatives/ 109 0
all_frames_pervideo/Negatives/ 110 0
all_frames_pervideo/Negatives/ 111 0
all_frames_pervideo/Negatives/ 112 0
all_frames_pervideo/Negatives/ 113 0
all_frames_pervideo/Negatives/ 114 0
all_frames_pervideo/Negatives/ 115 0
all_frames_pervideo/Negatives/ 116 0
all_frames_pervideo/Negatives/ 117 0
all_frames_pervideo/Negatives/ 118 0
all_frames_pervideo/Negatives/ 119 0
all_frames_pervideo/Negatives/ 120 0
all_frames_pervideo/Negatives/ 121 0
all_frames_pervideo/Negatives/ 122 0
all_frames_pervideo/Negatives/ 123 0
all_frames_pervideo/Negatives/ 124 0
all_frames_pervideo/Negatives/ 125 0
all_frames_pervideo/Negatives/ 126 0
all_frames_pervideo/Negatives/ 127 0
all_frames_pervideo/Negatives/ 128 0
all_frames_pervideo/Negatives/ 129 0
all_frames_pervideo/Negatives/ 130 0
all_frames_pervideo/Negatives/ 131 0
all_frames_pervideo/Negatives/ 132 0
all_frames_pervideo/Negatives/ 133 0
all_frames_pervideo/Negatives/ 134 0
all_frames_pervideo/Negatives/ 135 0
all_frames_pervideo/Negatives/ 136 0
all_frames_pervideo/Negatives/ 137 0
all_frames_pervideo/Negatives/ 138 0
all_frames_pervideo/Negatives/ 139 0
all_frames_pervideo/Negatives/ 140 0
all_frames_pervideo/Negatives/ 141 0
all_frames_pervideo/Negatives/ 142 0
all_frames_pervideo/Negatives/ 143 0
all_frames_pervideo/Negatives/ 144 0
all_frames_pervideo/Negatives/ 145 0
all_frames_pervideo/Negatives/ 146 0
all_frames_pervideo/Negatives/ 147 0
all_frames_pervideo/Negatives/ 148 0
all_frames_pervideo/Negatives/ 149 0
all_frames_pervideo/Negatives/ 150 0
all_frames_pervideo/Negatives/ 151 0
all_frames_pervideo/Negatives/ 1 0
all_frames_pervideo/Negatives/ 2 0
all_frames_pervideo/Negatives/ 3 0
all_frames_pervideo/Negatives/ 4 0
all_frames_pervideo/Negatives/ 5 0
all_frames_pervideo/Negatives/ 6 0
all_frames_pervideo/Negatives/ 7 0
all_frames_pervideo/Negatives/ 8 0
all_frames_pervideo/Negatives/ 9 0
all_frames_pervideo/Negatives/ 10 0
all_frames_pervideo/Negatives/ 11 0
all_frames_pervideo/Negatives/ 12 0
all_frames_pervideo/Negatives/ 13 0
all_frames_pervideo/Negatives/ 14 0
all_frames_pervideo/Negatives/ 15 0
all_frames_pervideo/Negatives/ 16 0
all_frames_pervideo/Negatives/ 17 0
all_frames_pervideo/Negatives/ 18 0
all_frames_pervideo/Negatives/ 19 0
all_frames_pervideo/Negatives/ 20 0
all_frames_pervideo/Negatives/ 21 0
all_frames_pervideo/Negatives/ 22 0
all_frames_pervideo/Negatives/ 23 0
all_frames_pervideo/Negatives/ 24 0
all_frames_pervideo/Negatives/ 25 0
all_frames_pervideo/Negatives/ 26 0
all_frames_pervideo/Negatives/ 27 0
all_frames_pervideo/Negatives/ 28 0
all_frames_pervideo/Negatives/ 29 0
all_frames_pervideo/Negatives/ 30 0
all_frames_pervideo/Negatives/ 31 0
all_frames_pervideo/Negatives/ 32 0
all_frames_pervideo/Negatives/ 33 0
all_frames_pervideo/Negatives/ 34 0
all_frames_pervideo/Negatives/ 35 0
all_frames_pervideo/Negatives/ 36 0
all_frames_pervideo/Negatives/ 37 0
all_frames_pervideo/Negatives/ 38 0
all_frames_pervideo/Negatives/ 39 0
all_frames_pervideo/Negatives/ 40 0
all_frames_pervideo/Negatives/ 41 0
all_frames_pervideo/Negatives/ 42 0
all_frames_pervideo/Negatives/ 43 0
all_frames_pervideo/Negatives/ 44 0
all_frames_pervideo/Negatives/ 45 0
all_frames_pervideo/Negatives/ 46 0
all_frames_pervideo/Negatives/ 47 0
all_frames_pervideo/Negatives/ 48 0
all_frames_pervideo/Negatives/ 49 0
all_frames_pervideo/Negatives/ 50 0
all_frames_pervideo/Negatives/ 51 0
all_frames_pervideo/Negatives/ 52 0
all_frames_pervideo/Negatives/ 53 0
all_frames_pervideo/Negatives/ 54 0
all_frames_pervideo/Negatives/ 55 0
all_frames_pervideo/Negatives/ 56 0
all_frames_pervideo/Negatives/ 57 0
all_frames_pervideo/Negatives/ 58 0
all_frames_pervideo/Negatives/ 59 0
all_frames_pervideo/Negatives/ 60 0
all_frames_pervideo/Negatives/ 61 0
all_frames_pervideo/Negatives/ 62 0
all_frames_pervideo/Negatives/ 63 0
all_frames_pervideo/Negatives/ 64 0
all_frames_pervideo/Negatives/ 65 0
all_frames_pervideo/Negatives/ 66 0
all_frames_pervideo/Negatives/ 67 0
all_frames_pervideo/Negatives/ 68 0
all_frames_pervideo/Negatives/ 69 0
all_frames_pervideo/Negatives/ 70 0
all_frames_pervideo/Negatives/ 71 0
all_frames_pervideo/Negatives/ 72 0
all_frames_pervideo/Negatives/ 73 0
all_frames_pervideo/Negatives/ 74 0
all_frames_pervideo/Negatives/ 75 0
all_frames_pervideo/Negatives/ 76 0
all_frames_pervideo/Negatives/ 77 0
all_frames_pervideo/Negatives/ 78 0
all_frames_pervideo/Negatives/ 79 0
all_frames_pervideo/Negatives/ 80 0
all_frames_pervideo/Negatives/ 81 0
all_frames_pervideo/Negatives/ 82 0
all_frames_pervideo/Negatives/ 83 0
all_frames_pervideo/Negatives/ 84 0
all_frames_pervideo/Negatives/ 85 0
all_frames_pervideo/Negatives/ 86 0
all_frames_pervideo/Negatives/ 87 0
all_frames_pervideo/Negatives/ 88 0
all_frames_pervideo/Negatives/ 89 0
all_frames_pervideo/Negatives/ 90 0
all_frames_pervideo/Negatives/ 91 0
all_frames_pervideo/Negatives/ 92 0
all_frames_pervideo/Negatives/ 93 0
all_frames_pervideo/Negatives/ 94 0
all_frames_pervideo/Negatives/ 95 0
all_frames_pervideo/Negatives/ 96 0
all_frames_pervideo/Negatives/ 97 0
all_frames_pervideo/Negatives/ 98 0
all_frames_pervideo/Negatives/ 99 0
all_frames_pervideo/Negatives/ 100 0
all_frames_pervideo/Negatives/ 101 0
all_frames_pervideo/Negatives/ 102 0
all_frames_pervideo/Negatives/ 103 0
all_frames_pervideo/Negatives/ 104 0
all_frames_pervideo/Negatives/ 105 0
all_frames_pervideo/Negatives/ 106 0
all_frames_pervideo/Negatives/ 107 0
all_frames_pervideo/Negatives/ 108 0
all_frames_pervideo/Negatives/ 109 0
all_frames_pervideo/Negatives/ 110 0
all_frames_pervideo/Negatives/ 111 0
all_frames_pervideo/Negatives/ 112 0
all_frames_pervideo/Negatives/ 113 0
all_frames_pervideo/Negatives/ 114 0
all_frames_pervideo/Negatives/ 115 0
all_frames_pervideo/Negatives/ 116 0
all_frames_pervideo/Negatives/ 117 0
all_frames_pervideo/Negatives/ 118 0
all_frames_pervideo/Negatives/ 119 0
all_frames_pervideo/Negatives/ 120 0
all_frames_pervideo/Negatives/ 121 0
all_frames_pervideo/Negatives/ 122 0
all_frames_pervideo/Negatives/ 123 0
all_frames_pervideo/Negatives/ 124 0
all_frames_pervideo/Negatives/ 125 0
all_frames_pervideo/Negatives/ 126 0
all_frames_pervideo/Negatives/ 127 0
all_frames_pervideo/Negatives/ 128 0
all_frames_pervideo/Negatives/ 129 0
all_frames_pervideo/Negatives/ 130 0
all_frames_pervideo/Negatives/ 131 0
all_frames_pervideo/Negatives/ 132 0
all_frames_pervideo/Negatives/ 133 0
all_frames_pervideo/Negatives/ 134 0
all_frames_pervideo/Negatives/ 135 0
all_frames_pervideo/Negatives/ 136 0
all_frames_pervideo/Negatives/ 137 0
all_frames_pervideo/Negatives/ 138 0
all_frames_pervideo/Negatives/ 139 0
all_frames_pervideo/Negatives/ 140 0
all_frames_pervideo/Negatives/ 141 0
all_frames_pervideo/Negatives/ 142 0
all_frames_pervideo/Negatives/ 143 0
all_frames_pervideo/Negatives/ 144 0
all_frames_pervideo/Negatives/ 145 0
all_frames_pervideo/Negatives/ 146 0
all_frames_pervideo/Negatives/ 147 0
all_frames_pervideo/Negatives/ 148 0
all_frames_pervideo/Negatives/ 149 0
all_frames_pervideo/Negatives/ 150 0
all_frames_pervideo/Negatives/ 151 0
all_frames_pervideo/Negatives/ 1 0
all_frames_pervideo/Negatives/ 2 0
all_frames_pervideo/Negatives/ 3 0
all_frames_pervideo/Negatives/ 4 0
all_frames_pervideo/Negatives/ 5 0
all_frames_pervideo/Negatives/ 6 0
all_frames_pervideo/Negatives/ 7 0
all_frames_pervideo/Negatives/ 8 0
all_frames_pervideo/Negatives/ 9 0
all_frames_pervideo/Negatives/ 10 0
all_frames_pervideo/Negatives/ 11 0
all_frames_pervideo/Negatives/ 12 0
all_frames_pervideo/Negatives/ 13 0
all_frames_pervideo/Negatives/ 14 0
all_frames_pervideo/Negatives/ 15 0
all_frames_pervideo/Negatives/ 16 0
all_frames_pervideo/Negatives/ 17 0
all_frames_pervideo/Negatives/ 18 0
all_frames_pervideo/Negatives/ 19 0
all_frames_pervideo/Negatives/ 20 0
all_frames_pervideo/Negatives/ 21 0
all_frames_pervideo/Negatives/ 22 0
all_frames_pervideo/Negatives/ 23 0
all_frames_pervideo/Negatives/ 24 0
all_frames_pervideo/Negatives/ 25 0
all_frames_pervideo/Negatives/ 26 0
all_frames_pervideo/Negatives/ 27 0
all_frames_pervideo/Negatives/ 28 0
all_frames_pervideo/Negatives/ 29 0
all_frames_pervideo/Negatives/ 30 0
all_frames_pervideo/Negatives/ 31 0
all_frames_pervideo/Negatives/ 32 0
all_frames_pervideo/Negatives/ 33 0
all_frames_pervideo/Negatives/ 34 0
all_frames_pervideo/Negatives/ 35 0
all_frames_pervideo/Negatives/ 36 0
all_frames_pervideo/Negatives/ 37 0
all_frames_pervideo/Negatives/ 38 0
all_frames_pervideo/Negatives/ 39 0
all_frames_pervideo/Negatives/ 40 0
all_frames_pervideo/Negatives/ 41 0
all_frames_pervideo/Negatives/ 42 0
all_frames_pervideo/Negatives/ 43 0
all_frames_pervideo/Negatives/ 44 0
all_frames_pervideo/Negatives/ 45 0
all_frames_pervideo/Negatives/ 46 0
all_frames_pervideo/Negatives/ 47 0
all_frames_pervideo/Negatives/ 48 0
all_frames_pervideo/Negatives/ 49 0
all_frames_pervideo/Negatives/ 50 0
all_frames_pervideo/Negatives/ 51 0
all_frames_pervideo/Negatives/ 52 0
all_frames_pervideo/Negatives/ 53 0
all_frames_pervideo/Negatives/ 54 0
all_frames_pervideo/Negatives/ 55 0
all_frames_pervideo/Negatives/ 56 0
all_frames_pervideo/Negatives/ 57 0
all_frames_pervideo/Negatives/ 58 0
all_frames_pervideo/Negatives/ 59 0
all_frames_pervideo/Negatives/ 60 0
all_frames_pervideo/Negatives/ 61 0
all_frames_pervideo/Negatives/ 62 0
all_frames_pervideo/Negatives/ 63 0
all_frames_pervideo/Negatives/ 64 0
all_frames_pervideo/Negatives/ 65 0
all_frames_pervideo/Negatives/ 66 0
all_frames_pervideo/Negatives/ 67 0
all_frames_pervideo/Negatives/ 68 0
all_frames_pervideo/Negatives/ 69 0
all_frames_pervideo/Negatives/ 70 0
all_frames_pervideo/Negatives/ 71 0
all_frames_pervideo/Negatives/ 72 0
all_frames_pervideo/Negatives/ 73 0
all_frames_pervideo/Negatives/ 74 0
all_frames_pervideo/Negatives/ 75 0
all_frames_pervideo/Negatives/ 76 0
all_frames_pervideo/Negatives/ 77 0
all_frames_pervideo/Negatives/ 78 0
all_frames_pervideo/Negatives/ 79 0
all_frames_pervideo/Negatives/ 80 0
all_frames_pervideo/Negatives/ 81 0
all_frames_pervideo/Negatives/ 82 0
all_frames_pervideo/Negatives/ 83 0
all_frames_pervideo/Negatives/ 84 0
all_frames_pervideo/Negatives/ 85 0
all_frames_pervideo/Negatives/ 86 0
all_frames_pervideo/Negatives/ 87 0
all_frames_pervideo/Negatives/ 88 0
all_frames_pervideo/Negatives/ 89 0
all_frames_pervideo/Negatives/ 90 0
all_frames_pervideo/Negatives/ 91 0
all_frames_pervideo/Negatives/ 92 0
all_frames_pervideo/Negatives/ 93 0
all_frames_pervideo/Negatives/ 94 0
all_frames_pervideo/Negatives/ 95 0
all_frames_pervideo/Negatives/ 96 0
all_frames_pervideo/Negatives/ 97 0
all_frames_pervideo/Negatives/ 98 0
all_frames_pervideo/Negatives/ 99 0
all_frames_pervideo/Negatives/ 100 0
all_frames_pervideo/Negatives/ 101 0
all_frames_pervideo/Negatives/ 102 0
all_frames_pervideo/Negatives/ 103 0
all_frames_pervideo/Negatives/ 104 0
all_frames_pervideo/Negatives/ 105 0
all_frames_pervideo/Negatives/ 106 0
all_frames_pervideo/Negatives/ 107 0
all_frames_pervideo/Negatives/ 108 0
all_frames_pervideo/Negatives/ 109 0
all_frames_pervideo/Negatives/ 110 0
all_frames_pervideo/Negatives/ 111 0
all_frames_pervideo/Negatives/ 112 0
all_frames_pervideo/Negatives/ 113 0
all_frames_pervideo/Negatives/ 114 0
all_frames_pervideo/Negatives/ 115 0
all_frames_pervideo/Negatives/ 116 0
all_frames_pervideo/Negatives/ 117 0
all_frames_pervideo/Negatives/ 118 0
all_frames_pervideo/Negatives/ 119 0
all_frames_pervideo/Negatives/ 120 0
all_frames_pervideo/Negatives/ 121 0
all_frames_pervideo/Negatives/ 122 0
all_frames_pervideo/Negatives/ 123 0
all_frames_pervideo/Negatives/ 124 0
all_frames_pervideo/Negatives/ 125 0
all_frames_pervideo/Negatives/ 126 0
all_frames_pervideo/Negatives/ 127 0
all_frames_pervideo/Negatives/ 128 0
all_frames_pervideo/Negatives/ 129 0
all_frames_pervideo/Negatives/ 130 0
all_frames_pervideo/Negatives/ 131 0
all_frames_pervideo/Negatives/ 132 0
all_frames_pervideo/Negatives/ 133 0
all_frames_pervideo/Negatives/ 134 0
all_frames_pervideo/Negatives/ 135 0
all_frames_pervideo/Negatives/ 136 0
all_frames_pervideo/Negatives/ 137 0
all_frames_pervideo/Negatives/ 138 0
all_frames_pervideo/Negatives/ 139 0
all_frames_pervideo/Negatives/ 140 0
all_frames_pervideo/Negatives/ 141 0
all_frames_pervideo/Negatives/ 142 0
all_frames_pervideo/Negatives/ 143 0
all_frames_pervideo/Negatives/ 144 0
all_frames_pervideo/Negatives/ 145 0
all_frames_pervideo/Negatives/ 146 0
all_frames_pervideo/Negatives/ 147 0
all_frames_pervideo/Negatives/ 148 0
all_frames_pervideo/Negatives/ 149 0
all_frames_pervideo/Negatives/ 150 0
all_frames_pervideo/Negatives/ 151 0
all_frames_pervideo/Positives/ 1 1
all_frames_pervideo/Positives/ 2 1
all_frames_pervideo/Positives/ 3 1
all_frames_pervideo/Positives/ 4 1
all_frames_pervideo/Positives/ 5 1
all_frames_pervideo/Positives/ 6 1
all_frames_pervideo/Positives/ 7 1
all_frames_pervideo/Positives/ 8 1
all_frames_pervideo/Positives/ 9 1
all_frames_pervideo/Positives/ 10 1
all_frames_pervideo/Positives/ 11 1
all_frames_pervideo/Positives/ 12 1
all_frames_pervideo/Positives/ 13 1
all_frames_pervideo/Positives/ 14 1
all_frames_pervideo/Positives/ 15 1
all_frames_pervideo/Positives/ 16 1
all_frames_pervideo/Positives/ 17 1
all_frames_pervideo/Positives/ 18 1
all_frames_pervideo/Positives/ 19 1
all_frames_pervideo/Positives/ 20 1
all_frames_pervideo/Positives/ 21 1
all_frames_pervideo/Positives/ 22 1
all_frames_pervideo/Positives/ 23 1
all_frames_pervideo/Positives/ 24 1
all_frames_pervideo/Positives/ 25 1
all_frames_pervideo/Positives/ 26 1
all_frames_pervideo/Positives/ 27 1
all_frames_pervideo/Positives/ 28 1
all_frames_pervideo/Positives/ 29 1
all_frames_pervideo/Positives/ 30 1
all_frames_pervideo/Positives/ 31 1
all_frames_pervideo/Positives/ 32 1
all_frames_pervideo/Positives/ 33 1
all_frames_pervideo/Positives/ 34 1
all_frames_pervideo/Positives/ 35 1
all_frames_pervideo/Positives/ 36 1
all_frames_pervideo/Positives/ 37 1
all_frames_pervideo/Positives/ 38 1
all_frames_pervideo/Positives/ 39 1
all_frames_pervideo/Positives/ 40 1
all_frames_pervideo/Positives/ 41 1
all_frames_pervideo/Positives/ 42 1
all_frames_pervideo/Positives/ 43 1
all_frames_pervideo/Positives/ 44 1
all_frames_pervideo/Positives/ 45 1
all_frames_pervideo/Positives/ 46 1
all_frames_pervideo/Positives/ 47 1
all_frames_pervideo/Positives/ 48 1
all_frames_pervideo/Positives/ 49 1
all_frames_pervideo/Positives/ 50 1
all_frames_pervideo/Positives/ 51 1
all_frames_pervideo/Positives/ 52 1
all_frames_pervideo/Positives/ 53 1
all_frames_pervideo/Positives/ 54 1
all_frames_pervideo/Positives/ 55 1
all_frames_pervideo/Positives/ 56 1
all_frames_pervideo/Positives/ 57 1
all_frames_pervideo/Positives/ 58 1
all_frames_pervideo/Positives/ 59 1
all_frames_pervideo/Positives/ 60 1
all_frames_pervideo/Positives/ 61 1
all_frames_pervideo/Positives/ 62 1
all_frames_pervideo/Positives/ 63 1
all_frames_pervideo/Positives/ 64 1
all_frames_pervideo/Positives/ 65 1
all_frames_pervideo/Positives/ 66 1
all_frames_pervideo/Positives/ 67 1
all_frames_pervideo/Positives/ 68 1
all_frames_pervideo/Positives/ 69 1
all_frames_pervideo/Positives/ 70 1
all_frames_pervideo/Positives/ 71 1
all_frames_pervideo/Positives/ 72 1
all_frames_pervideo/Positives/ 73 1
all_frames_pervideo/Positives/ 74 1
all_frames_pervideo/Positives/ 75 1
all_frames_pervideo/Positives/ 76 1
all_frames_pervideo/Positives/ 77 1
all_frames_pervideo/Positives/ 78 1
all_frames_pervideo/Positives/ 79 1
all_frames_pervideo/Positives/ 80 1
all_frames_pervideo/Positives/ 81 1
all_frames_pervideo/Positives/ 82 1
all_frames_pervideo/Positives/ 83 1
all_frames_pervideo/Positives/ 84 1
all_frames_pervideo/Positives/ 85 1
all_frames_pervideo/Positives/ 86 1
all_frames_pervideo/Positives/ 87 1
all_frames_pervideo/Positives/ 88 1
all_frames_pervideo/Positives/ 89 1
all_frames_pervideo/Positives/ 90 1
all_frames_pervideo/Positives/ 91 1
all_frames_pervideo/Positives/ 92 1
all_frames_pervideo/Positives/ 93 1
all_frames_pervideo/Positives/ 94 1
all_frames_pervideo/Positives/ 95 1
all_frames_pervideo/Positives/ 96 1
all_frames_pervideo/Positives/ 97 1
all_frames_pervideo/Positives/ 98 1
all_frames_pervideo/Positives/ 99 1
all_frames_pervideo/Positives/ 100 1
all_frames_pervideo/Positives/ 101 1
all_frames_pervideo/Positives/ 102 1
all_frames_pervideo/Positives/ 103 1
all_frames_pervideo/Positives/ 104 1
all_frames_pervideo/Positives/ 105 1
all_frames_pervideo/Positives/ 106 1
all_frames_pervideo/Positives/ 107 1
all_frames_pervideo/Positives/ 108 1
all_frames_pervideo/Positives/ 109 1
all_frames_pervideo/Positives/ 110 1
all_frames_pervideo/Positives/ 111 1
all_frames_pervideo/Positives/ 112 1
all_frames_pervideo/Positives/ 113 1
all_frames_pervideo/Positives/ 114 1
all_frames_pervideo/Positives/ 115 1
all_frames_pervideo/Positives/ 116 1
all_frames_pervideo/Positives/ 117 1
all_frames_pervideo/Positives/ 118 1
all_frames_pervideo/Positives/ 119 1
all_frames_pervideo/Positives/ 120 1
all_frames_pervideo/Positives/ 121 1
all_frames_pervideo/Positives/ 122 1
all_frames_pervideo/Positives/ 123 1
all_frames_pervideo/Positives/ 1 1
all_frames_pervideo/Positives/ 2 1
all_frames_pervideo/Positives/ 3 1
all_frames_pervideo/Positives/ 4 1
all_frames_pervideo/Positives/ 5 1
all_frames_pervideo/Positives/ 6 1
all_frames_pervideo/Positives/ 7 1
all_frames_pervideo/Positives/ 8 1
all_frames_pervideo/Positives/ 9 1
all_frames_pervideo/Positives/ 10 1
all_frames_pervideo/Positives/ 11 1
all_frames_pervideo/Positives/ 12 1
all_frames_pervideo/Positives/ 13 1
all_frames_pervideo/Positives/ 14 1
all_frames_pervideo/Positives/ 15 1
all_frames_pervideo/Positives/ 16 1
all_frames_pervideo/Positives/ 17 1
all_frames_pervideo/Positives/ 18 1
all_frames_pervideo/Positives/ 19 1
all_frames_pervideo/Positives/ 20 1
all_frames_pervideo/Positives/ 21 1
all_frames_pervideo/Positives/ 22 1
all_frames_pervideo/Positives/ 23 1
all_frames_pervideo/Positives/ 24 1
all_frames_pervideo/Positives/ 25 1
all_frames_pervideo/Positives/ 26 1
all_frames_pervideo/Positives/ 27 1
all_frames_pervideo/Positives/ 28 1
all_frames_pervideo/Positives/ 29 1
all_frames_pervideo/Positives/ 30 1
all_frames_pervideo/Positives/ 31 1
all_frames_pervideo/Positives/ 32 1
all_frames_pervideo/Positives/ 33 1
all_frames_pervideo/Positives/ 34 1
all_frames_pervideo/Positives/ 35 1
all_frames_pervideo/Positives/ 36 1
all_frames_pervideo/Positives/ 37 1
all_frames_pervideo/Positives/ 38 1
all_frames_pervideo/Positives/ 39 1
all_frames_pervideo/Positives/ 40 1
all_frames_pervideo/Positives/ 41 1
all_frames_pervideo/Positives/ 42 1
all_frames_pervideo/Positives/ 43 1
all_frames_pervideo/Positives/ 44 1
all_frames_pervideo/Positives/ 45 1
all_frames_pervideo/Positives/ 46 1
all_frames_pervideo/Positives/ 47 1
all_frames_pervideo/Positives/ 48 1
all_frames_pervideo/Positives/ 49 1
all_frames_pervideo/Positives/ 50 1
all_frames_pervideo/Positives/ 51 1
all_frames_pervideo/Positives/ 52 1
all_frames_pervideo/Positives/ 53 1
all_frames_pervideo/Positives/ 54 1
all_frames_pervideo/Positives/ 55 1
all_frames_pervideo/Positives/ 56 1
all_frames_pervideo/Positives/ 57 1
all_frames_pervideo/Positives/ 58 1
all_frames_pervideo/Positives/ 59 1
all_frames_pervideo/Positives/ 60 1
all_frames_pervideo/Positives/ 61 1
all_frames_pervideo/Positives/ 62 1
all_frames_pervideo/Positives/ 63 1
all_frames_pervideo/Positives/ 64 1
all_frames_pervideo/Positives/ 65 1
all_frames_pervideo/Positives/ 66 1
all_frames_pervideo/Positives/ 67 1
all_frames_pervideo/Positives/ 68 1
all_frames_pervideo/Positives/ 69 1
all_frames_pervideo/Positives/ 70 1
all_frames_pervideo/Positives/ 71 1
all_frames_pervideo/Positives/ 72 1
all_frames_pervideo/Positives/ 73 1
all_frames_pervideo/Positives/ 74 1
all_frames_pervideo/Positives/ 75 1
all_frames_pervideo/Positives/ 76 1
all_frames_pervideo/Positives/ 77 1
all_frames_pervideo/Positives/ 78 1
all_frames_pervideo/Positives/ 79 1
all_frames_pervideo/Positives/ 80 1
all_frames_pervideo/Positives/ 81 1
all_frames_pervideo/Positives/ 82 1
all_frames_pervideo/Positives/ 83 1
all_frames_pervideo/Positives/ 84 1
all_frames_pervideo/Positives/ 85 1
all_frames_pervideo/Positives/ 86 1
all_frames_pervideo/Positives/ 87 1
all_frames_pervideo/Positives/ 88 1
all_frames_pervideo/Positives/ 89 1
all_frames_pervideo/Positives/ 90 1
all_frames_pervideo/Positives/ 91 1
all_frames_pervideo/Positives/ 92 1
all_frames_pervideo/Positives/ 93 1
all_frames_pervideo/Positives/ 94 1
all_frames_pervideo/Positives/ 95 1
all_frames_pervideo/Positives/ 96 1
all_frames_pervideo/Positives/ 97 1
all_frames_pervideo/Positives/ 98 1
all_frames_pervideo/Positives/ 99 1
all_frames_pervideo/Positives/ 100 1
all_frames_pervideo/Positives/ 101 1
all_frames_pervideo/Positives/ 102 1
all_frames_pervideo/Positives/ 103 1
all_frames_pervideo/Positives/ 104 1
all_frames_pervideo/Positives/ 105 1
all_frames_pervideo/Positives/ 106 1
all_frames_pervideo/Positives/ 107 1
all_frames_pervideo/Positives/ 108 1
all_frames_pervideo/Positives/ 109 1
all_frames_pervideo/Positives/ 110 1
all_frames_pervideo/Positives/ 111 1
all_frames_pervideo/Positives/ 112 1
all_frames_pervideo/Positives/ 113 1
all_frames_pervideo/Positives/ 114 1
all_frames_pervideo/Positives/ 115 1
all_frames_pervideo/Positives/ 116 1
all_frames_pervideo/Positives/ 117 1
all_frames_pervideo/Positives/ 118 1
all_frames_pervideo/Positives/ 119 1
all_frames_pervideo/Positives/ 120 1
all_frames_pervideo/Positives/ 121 1
all_frames_pervideo/Positives/ 122 1
all_frames_pervideo/Positives/ 123 1
all_frames_pervideo/Positives/ 124 1
all_frames_pervideo/Positives/ 125 1
all_frames_pervideo/Positives/ 126 1
all_frames_pervideo/Positives/ 127 1
all_frames_pervideo/Positives/ 128 1
all_frames_pervideo/Positives/ 129 1
all_frames_pervideo/Positives/ 130 1
all_frames_pervideo/Positives/ 131 1
all_frames_pervideo/Positives/ 132 1
all_frames_pervideo/Positives/ 133 1
all_frames_pervideo/Positives/ 134 1
all_frames_pervideo/Positives/ 135 1
all_frames_pervideo/Positives/ 136 1
all_frames_pervideo/Positives/ 137 1
all_frames_pervideo/Positives/ 138 1
all_frames_pervideo/Positives/ 139 1
all_frames_pervideo/Positives/ 140 1
all_frames_pervideo/Positives/ 141 1
all_frames_pervideo/Positives/ 142 1
all_frames_pervideo/Positives/ 143 1
all_frames_pervideo/Positives/ 144 1
all_frames_pervideo/Positives/ 145 1
all_frames_pervideo/Positives/ 146 1
all_frames_pervideo/Positives/ 147 1
all_frames_pervideo/Positives/ 148 1
all_frames_pervideo/Positives/ 149 1
all_frames_pervideo/Positives/ 150 1
all_frames_pervideo/Positives/ 151 1
all_frames_pervideo/Positives/ 152 1
all_frames_pervideo/Positives/ 153 1
all_frames_pervideo/Positives/ 154 1
all_frames_pervideo/Positives/ 155 1
all_frames_pervideo/Positives/ 156 1
all_frames_pervideo/Positives/ 157 1
all_frames_pervideo/Positives/ 158 1
all_frames_pervideo/Positives/ 159 1
all_frames_pervideo/Positives/ 160 1
all_frames_pervideo/Positives/ 161 1
all_frames_pervideo/Positives/ 162 1
all_frames_pervideo/Positives/ 163 1
all_frames_pervideo/Positives/ 164 1
all_frames_pervideo/Positives/ 165 1
all_frames_pervideo/Positives/ 166 1
all_frames_pervideo/Positives/ 167 1
all_frames_pervideo/Positives/ 168 1
all_frames_pervideo/Positives/ 169 1
all_frames_pervideo/Positives/ 170 1
all_frames_pervideo/Positives/ 171 1
all_frames_pervideo/Positives/ 172 1
all_frames_pervideo/Positives/ 173 1
all_frames_pervideo/Positives/ 174 1
all_frames_pervideo/Positives/ 175 1
all_frames_pervideo/Positives/ 176 1
all_frames_pervideo/Positives/ 177 1
all_frames_pervideo/Positives/ 178 1
all_frames_pervideo/Positives/ 179 1
all_frames_pervideo/Positives/ 180 1
all_frames_pervideo/Positives/ 181 1
all_frames_pervideo/Positives/ 182 1
all_frames_pervideo/Positives/ 183 1
all_frames_pervideo/Positives/ 184 1
all_frames_pervideo/Positives/ 185 1
all_frames_pervideo/Positives/ 186 1
all_frames_pervideo/Positives/ 187 1
all_frames_pervideo/Positives/ 188 1
all_frames_pervideo/Positives/ 189 1
all_frames_pervideo/Positives/ 190 1
all_frames_pervideo/Positives/ 191 1
all_frames_pervideo/Positives/ 192 1
all_frames_pervideo/Positives/ 193 1
all_frames_pervideo/Positives/ 194 1
all_frames_pervideo/Positives/ 195 1
all_frames_pervideo/Positives/ 196 1
all_frames_pervideo/Positives/ 197 1
all_frames_pervideo/Positives/ 198 1
all_frames_pervideo/Positives/ 199 1
all_frames_pervideo/Positives/ 200 1
all_frames_pervideo/Positives/ 201 1
all_frames_pervideo/Positives/ 202 1
all_frames_pervideo/Positives/ 203 1
all_frames_pervideo/Positives/ 204 1
all_frames_pervideo/Positives/ 205 1
all_frames_pervideo/Positives/ 206 1
all_frames_pervideo/Positives/ 207 1
all_frames_pervideo/Positives/ 208 1
all_frames_pervideo/Positives/ 209 1
all_frames_pervideo/Positives/ 210 1
all_frames_pervideo/Positives/ 211 1
all_frames_pervideo/Positives/ 212 1
all_frames_pervideo/Positives/ 213 1
all_frames_pervideo/Positives/ 214 1
all_frames_pervideo/Positives/ 215 1
all_frames_pervideo/Positives/ 216 1
all_frames_pervideo/Positives/ 217 1
all_frames_pervideo/Positives/ 218 1
all_frames_pervideo/Positives/ 219 1
all_frames_pervideo/Positives/ 220 1
all_frames_pervideo/Positives/ 221 1
all_frames_pervideo/Positives/ 222 1
all_frames_pervideo/Positives/ 223 1
all_frames_pervideo/Positives/ 224 1
all_frames_pervideo/Positives/ 225 1
all_frames_pervideo/Positives/ 226 1
all_frames_pervideo/Positives/ 227 1
all_frames_pervideo/Positives/ 228 1
all_frames_pervideo/Positives/ 229 1
all_frames_pervideo/Positives/ 230 1
all_frames_pervideo/Positives/ 231 1
all_frames_pervideo/Positives/ 232 1
all_frames_pervideo/Positives/ 233 1
all_frames_pervideo/Positives/ 234 1
all_frames_pervideo/Positives/ 235 1
all_frames_pervideo/Positives/ 236 1
all_frames_pervideo/Positives/ 237 1
all_frames_pervideo/Positives/ 238 1
all_frames_pervideo/Positives/ 239 1
all_frames_pervideo/Positives/ 240 1
all_frames_pervideo/Positives/ 241 1
all_frames_pervideo/Positives/ 242 1
all_frames_pervideo/Positives/ 243 1
all_frames_pervideo/Positives/ 244 1
all_frames_pervideo/Positives/ 245 1
all_frames_pervideo/Positives/ 246 1
all_frames_pervideo/Positives/ 247 1
all_frames_pervideo/Positives/ 248 1
all_frames_pervideo/Positives/ 249 1
all_frames_pervideo/Positives/ 250 1
all_frames_pervideo/Positives/ 251 1
all_frames_pervideo/Positives/ 252 1
all_frames_pervideo/Positives/ 253 1
all_frames_pervideo/Positives/ 254 1
all_frames_pervideo/Positives/ 255 1
all_frames_pervideo/Positives/ 256 1
all_frames_pervideo/Positives/ 257 1
all_frames_pervideo/Positives/ 258 1
all_frames_pervideo/Positives/ 259 1
all_frames_pervideo/Positives/ 1 1
all_frames_pervideo/Positives/ 2 1
all_frames_pervideo/Positives/ 3 1
all_frames_pervideo/Positives/ 4 1
all_frames_pervideo/Positives/ 5 1
all_frames_pervideo/Positives/ 6 1
all_frames_pervideo/Positives/ 7 1
all_frames_pervideo/Positives/ 8 1
all_frames_pervideo/Positives/ 9 1
all_frames_pervideo/Positives/ 10 1
all_frames_pervideo/Positives/ 11 1
all_frames_pervideo/Positives/ 12 1
all_frames_pervideo/Positives/ 13 1
all_frames_pervideo/Positives/ 14 1
all_frames_pervideo/Positives/ 15 1
all_frames_pervideo/Positives/ 16 1
all_frames_pervideo/Positives/ 17 1
all_frames_pervideo/Positives/ 18 1
all_frames_pervideo/Positives/ 19 1
all_frames_pervideo/Positives/ 20 1
all_frames_pervideo/Positives/ 21 1
all_frames_pervideo/Positives/ 22 1
all_frames_pervideo/Positives/ 23 1
all_frames_pervideo/Positives/ 24 1
all_frames_pervideo/Positives/ 25 1
all_frames_pervideo/Positives/ 26 1
all_frames_pervideo/Positives/ 27 1
all_frames_pervideo/Positives/ 28 1
all_frames_pervideo/Positives/ 29 1
all_frames_pervideo/Positives/ 30 1
all_frames_pervideo/Positives/ 31 1
all_frames_pervideo/Positives/ 32 1
all_frames_pervideo/Positives/ 33 1
all_frames_pervideo/Positives/ 34 1
all_frames_pervideo/Positives/ 35 1
all_frames_pervideo/Positives/ 36 1
all_frames_pervideo/Positives/ 37 1
all_frames_pervideo/Positives/ 38 1
all_frames_pervideo/Positives/ 39 1
all_frames_pervideo/Positives/ 40 1
all_frames_pervideo/Positives/ 41 1
all_frames_pervideo/Positives/ 42 1
all_frames_pervideo/Positives/ 43 1
all_frames_pervideo/Positives/ 44 1
all_frames_pervideo/Positives/ 45 1
all_frames_pervideo/Positives/ 46 1
all_frames_pervideo/Positives/ 47 1
all_frames_pervideo/Positives/ 48 1
all_frames_pervideo/Positives/ 49 1
all_frames_pervideo/Positives/ 50 1
all_frames_pervideo/Positives/ 51 1
all_frames_pervideo/Positives/ 52 1
all_frames_pervideo/Positives/ 53 1
all_frames_pervideo/Positives/ 54 1
all_frames_pervideo/Positives/ 55 1
all_frames_pervideo/Positives/ 56 1
all_frames_pervideo/Positives/ 57 1
all_frames_pervideo/Positives/ 58 1
all_frames_pervideo/Positives/ 59 1
all_frames_pervideo/Positives/ 60 1
all_frames_pervideo/Positives/ 61 1
all_frames_pervideo/Positives/ 62 1
all_frames_pervideo/Positives/ 63 1
all_frames_pervideo/Positives/ 64 1
all_frames_pervideo/Positives/ 65 1
all_frames_pervideo/Positives/ 66 1
all_frames_pervideo/Positives/ 67 1
all_frames_pervideo/Positives/ 68 1
all_frames_pervideo/Positives/ 69 1
all_frames_pervideo/Positives/ 70 1
all_frames_pervideo/Positives/ 71 1
all_frames_pervideo/Positives/ 72 1
all_frames_pervideo/Positives/ 73 1
all_frames_pervideo/Positives/ 74 1
all_frames_pervideo/Positives/ 75 1
all_frames_pervideo/Positives/ 76 1
all_frames_pervideo/Positives/ 77 1
all_frames_pervideo/Positives/ 78 1
all_frames_pervideo/Positives/ 79 1
all_frames_pervideo/Positives/ 80 1
all_frames_pervideo/Positives/ 81 1
all_frames_pervideo/Positives/ 82 1
all_frames_pervideo/Positives/ 83 1
all_frames_pervideo/Positives/ 84 1
all_frames_pervideo/Positives/ 85 1
all_frames_pervideo/Positives/ 86 1
all_frames_pervideo/Positives/ 87 1
all_frames_pervideo/Positives/ 88 1
all_frames_pervideo/Positives/ 89 1
all_frames_pervideo/Positives/ 90 1
all_frames_pervideo/Positives/ 91 1
all_frames_pervideo/Positives/ 92 1
all_frames_pervideo/Positives/ 93 1
all_frames_pervideo/Positives/ 94 1
all_frames_pervideo/Positives/ 95 1
all_frames_pervideo/Positives/ 96 1
all_frames_pervideo/Positives/ 97 1
all_frames_pervideo/Positives/ 98 1
all_frames_pervideo/Positives/ 99 1
all_frames_pervideo/Positives/ 100 1
all_frames_pervideo/Positives/ 101 1
all_frames_pervideo/Positives/ 102 1
all_frames_pervideo/Positives/ 103 1
all_frames_pervideo/Positives/ 104 1
all_frames_pervideo/Positives/ 105 1
all_frames_pervideo/Positives/ 106 1
all_frames_pervideo/Positives/ 107 1
all_frames_pervideo/Positives/ 108 1
all_frames_pervideo/Positives/ 109 1
all_frames_pervideo/Positives/ 110 1
all_frames_pervideo/Positives/ 111 1
all_frames_pervideo/Positives/ 112 1
all_frames_pervideo/Positives/ 113 1
all_frames_pervideo/Positives/ 114 1
all_frames_pervideo/Positives/ 115 1
all_frames_pervideo/Positives/ 116 1
all_frames_pervideo/Positives/ 117 1
all_frames_pervideo/Positives/ 118 1
all_frames_pervideo/Positives/ 119 1
all_frames_pervideo/Positives/ 120 1
all_frames_pervideo/Positives/ 121 1
all_frames_pervideo/Positives/ 122 1
all_frames_pervideo/Positives/ 123 1
all_frames_pervideo/Positives/ 124 1
all_frames_pervideo/Positives/ 125 1
all_frames_pervideo/Positives/ 126 1
all_frames_pervideo/Positives/ 127 1
all_frames_pervideo/Positives/ 128 1
all_frames_pervideo/Positives/ 129 1
all_frames_pervideo/Positives/ 130 1
all_frames_pervideo/Positives/ 131 1
all_frames_pervideo/Positives/ 132 1
all_frames_pervideo/Positives/ 133 1
all_frames_pervideo/Positives/ 134 1
all_frames_pervideo/Positives/ 135 1
all_frames_pervideo/Positives/ 136 1
all_frames_pervideo/Positives/ 137 1
all_frames_pervideo/Positives/ 138 1
all_frames_pervideo/Positives/ 139 1
all_frames_pervideo/Positives/ 140 1
all_frames_pervideo/Positives/ 141 1
all_frames_pervideo/Positives/ 142 1
all_frames_pervideo/Positives/ 143 1
all_frames_pervideo/Positives/ 144 1
all_frames_pervideo/Positives/ 145 1
all_frames_pervideo/Positives/ 146 1
all_frames_pervideo/Positives/ 147 1
all_frames_pervideo/Positives/ 148 1
all_frames_pervideo/Positives/ 149 1
all_frames_pervideo/Positives/ 150 1
all_frames_pervideo/Positives/ 151 1
all_frames_pervideo/Positives/ 152 1
all_frames_pervideo/Positives/ 153 1
all_frames_pervideo/Positives/ 154 1
all_frames_pervideo/Positives/ 155 1
all_frames_pervideo/Positives/ 156 1
all_frames_pervideo/Positives/ 157 1
all_frames_pervideo/Positives/ 158 1
all_frames_pervideo/Positives/ 159 1
all_frames_pervideo/Positives/ 160 1
all_frames_pervideo/Positives/ 161 1
all_frames_pervideo/Positives/ 162 1
all_frames_pervideo/Positives/ 163 1
all_frames_pervideo/Positives/ 164 1
